Archive member included to satisfy reference by file (symbol)

c:/st/stm32cubeide_1.5.1/stm32cubeide/plugins/com.st.stm32cube.ide.mcu.externaltools.gnu-tools-for-stm32.9-2020-q2-update.win32_2.0.0.202105311346/tools/bin/../lib/gcc/arm-none-eabi/9.3.1/../../../../arm-none-eabi/lib/thumb/v7e-m+fp/hard\libc_nano.a(lib_a-errno.o)
                              ./Core/Src/syscalls.o (__errno)
c:/st/stm32cubeide_1.5.1/stm32cubeide/plugins/com.st.stm32cube.ide.mcu.externaltools.gnu-tools-for-stm32.9-2020-q2-update.win32_2.0.0.202105311346/tools/bin/../lib/gcc/arm-none-eabi/9.3.1/../../../../arm-none-eabi/lib/thumb/v7e-m+fp/hard\libc_nano.a(lib_a-exit.o)
                              c:/st/stm32cubeide_1.5.1/stm32cubeide/plugins/com.st.stm32cube.ide.mcu.externaltools.gnu-tools-for-stm32.9-2020-q2-update.win32_2.0.0.202105311346/tools/bin/../lib/gcc/arm-none-eabi/9.3.1/../../../../arm-none-eabi/lib/thumb/v7e-m+fp/hard/crt0.o (exit)
c:/st/stm32cubeide_1.5.1/stm32cubeide/plugins/com.st.stm32cube.ide.mcu.externaltools.gnu-tools-for-stm32.9-2020-q2-update.win32_2.0.0.202105311346/tools/bin/../lib/gcc/arm-none-eabi/9.3.1/../../../../arm-none-eabi/lib/thumb/v7e-m+fp/hard\libc_nano.a(lib_a-impure.o)
                              c:/st/stm32cubeide_1.5.1/stm32cubeide/plugins/com.st.stm32cube.ide.mcu.externaltools.gnu-tools-for-stm32.9-2020-q2-update.win32_2.0.0.202105311346/tools/bin/../lib/gcc/arm-none-eabi/9.3.1/../../../../arm-none-eabi/lib/thumb/v7e-m+fp/hard\libc_nano.a(lib_a-exit.o) (_global_impure_ptr)
c:/st/stm32cubeide_1.5.1/stm32cubeide/plugins/com.st.stm32cube.ide.mcu.externaltools.gnu-tools-for-stm32.9-2020-q2-update.win32_2.0.0.202105311346/tools/bin/../lib/gcc/arm-none-eabi/9.3.1/../../../../arm-none-eabi/lib/thumb/v7e-m+fp/hard\libc_nano.a(lib_a-init.o)
                              c:/st/stm32cubeide_1.5.1/stm32cubeide/plugins/com.st.stm32cube.ide.mcu.externaltools.gnu-tools-for-stm32.9-2020-q2-update.win32_2.0.0.202105311346/tools/bin/../lib/gcc/arm-none-eabi/9.3.1/../../../../arm-none-eabi/lib/thumb/v7e-m+fp/hard/crt0.o (__libc_init_array)
c:/st/stm32cubeide_1.5.1/stm32cubeide/plugins/com.st.stm32cube.ide.mcu.externaltools.gnu-tools-for-stm32.9-2020-q2-update.win32_2.0.0.202105311346/tools/bin/../lib/gcc/arm-none-eabi/9.3.1/../../../../arm-none-eabi/lib/thumb/v7e-m+fp/hard\libc_nano.a(lib_a-memcpy-stub.o)
                              ./ThirdParty/FreeRTOS/queue.o (memcpy)
c:/st/stm32cubeide_1.5.1/stm32cubeide/plugins/com.st.stm32cube.ide.mcu.externaltools.gnu-tools-for-stm32.9-2020-q2-update.win32_2.0.0.202105311346/tools/bin/../lib/gcc/arm-none-eabi/9.3.1/../../../../arm-none-eabi/lib/thumb/v7e-m+fp/hard\libc_nano.a(lib_a-memset.o)
                              c:/st/stm32cubeide_1.5.1/stm32cubeide/plugins/com.st.stm32cube.ide.mcu.externaltools.gnu-tools-for-stm32.9-2020-q2-update.win32_2.0.0.202105311346/tools/bin/../lib/gcc/arm-none-eabi/9.3.1/../../../../arm-none-eabi/lib/thumb/v7e-m+fp/hard/crt0.o (memset)

Allocating common symbols
Common symbol       size              file

uwTick              0x4               ./Drivers/STM32L4xx_HAL_Driver/Src/stm32l4xx_hal.o
xQueueRegistry      0x40              ./ThirdParty/FreeRTOS/queue.o

Discarded input sections

 .text          0x0000000000000000        0x0 c:/st/stm32cubeide_1.5.1/stm32cubeide/plugins/com.st.stm32cube.ide.mcu.externaltools.gnu-tools-for-stm32.9-2020-q2-update.win32_2.0.0.202105311346/tools/bin/../lib/gcc/arm-none-eabi/9.3.1/thumb/v7e-m+fp/hard/crti.o
 .data          0x0000000000000000        0x0 c:/st/stm32cubeide_1.5.1/stm32cubeide/plugins/com.st.stm32cube.ide.mcu.externaltools.gnu-tools-for-stm32.9-2020-q2-update.win32_2.0.0.202105311346/tools/bin/../lib/gcc/arm-none-eabi/9.3.1/thumb/v7e-m+fp/hard/crti.o
 .bss           0x0000000000000000        0x0 c:/st/stm32cubeide_1.5.1/stm32cubeide/plugins/com.st.stm32cube.ide.mcu.externaltools.gnu-tools-for-stm32.9-2020-q2-update.win32_2.0.0.202105311346/tools/bin/../lib/gcc/arm-none-eabi/9.3.1/thumb/v7e-m+fp/hard/crti.o
 .data          0x0000000000000000        0x4 c:/st/stm32cubeide_1.5.1/stm32cubeide/plugins/com.st.stm32cube.ide.mcu.externaltools.gnu-tools-for-stm32.9-2020-q2-update.win32_2.0.0.202105311346/tools/bin/../lib/gcc/arm-none-eabi/9.3.1/thumb/v7e-m+fp/hard/crtbegin.o
 .text          0x0000000000000000       0x7c c:/st/stm32cubeide_1.5.1/stm32cubeide/plugins/com.st.stm32cube.ide.mcu.externaltools.gnu-tools-for-stm32.9-2020-q2-update.win32_2.0.0.202105311346/tools/bin/../lib/gcc/arm-none-eabi/9.3.1/../../../../arm-none-eabi/lib/thumb/v7e-m+fp/hard/crt0.o
 .data          0x0000000000000000        0x0 c:/st/stm32cubeide_1.5.1/stm32cubeide/plugins/com.st.stm32cube.ide.mcu.externaltools.gnu-tools-for-stm32.9-2020-q2-update.win32_2.0.0.202105311346/tools/bin/../lib/gcc/arm-none-eabi/9.3.1/../../../../arm-none-eabi/lib/thumb/v7e-m+fp/hard/crt0.o
[...]
Memory Configuration

Name             Origin             Length             Attributes
RAM              0x0000000020000000 0x0000000000018000 xrw
RAM2             0x0000000010000000 0x0000000000008000 xrw
FLASH            0x0000000008000000 0x0000000000100000 xr
*default*        0x0000000000000000 0xffffffffffffffff

Linker script and memory map

LOAD c:/st/stm32cubeide_1.5.1/stm32cubeide/plugins/com.st.stm32cube.ide.mcu.externaltools.gnu-tools-for-stm32.9-2020-q2-update.win32_2.0.0.202105311346/tools/bin/../lib/gcc/arm-none-eabi/9.3.1/thumb/v7e-m+fp/hard/crti.o
LOAD c:/st/stm32cubeide_1.5.1/stm32cubeide/plugins/com.st.stm32cube.ide.mcu.externaltools.gnu-tools-for-stm32.9-2020-q2-update.win32_2.0.0.202105311346/tools/bin/../lib/gcc/arm-none-eabi/9.3.1/thumb/v7e-m+fp/hard/crtbegin.o
LOAD c:/st/stm32cubeide_1.5.1/stm32cubeide/plugins/com.st.stm32cube.ide.mcu.externaltools.gnu-tools-for-stm32.9-2020-q2-update.win32_2.0.0.202105311346/tools/bin/../lib/gcc/arm-none-eabi/9.3.1/../../../../arm-none-eabi/lib/thumb/v7e-m+fp/hard/crt0.o
LOAD ./Core/Src/main.o
LOAD ./Core/Src/stm32l4xx_hal_msp.o
LOAD ./Core/Src/stm32l4xx_it.o
LOAD ./Core/Src/syscalls.o
LOAD ./Core/Src/system_stm32l4xx.o
LOAD ./Core/Startup/startup_stm32l476rgtx.o
LOAD ./Drivers/STM32L4xx_HAL_Driver/Src/stm32l4xx_hal.o
LOAD ./Drivers/STM32L4xx_HAL_Driver/Src/stm32l4xx_hal_cortex.o
LOAD ./Drivers/STM32L4xx_HAL_Driver/Src/stm32l4xx_hal_dma.o
LOAD ./Drivers/STM32L4xx_HAL_Driver/Src/stm32l4xx_hal_dma_ex.o
LOAD ./Drivers/STM32L4xx_HAL_Driver/Src/stm32l4xx_hal_exti.o
LOAD ./Drivers/STM32L4xx_HAL_Driver/Src/stm32l4xx_hal_flash.o
LOAD ./Drivers/STM32L4xx_HAL_Driver/Src/stm32l4xx_hal_flash_ex.o
LOAD ./Drivers/STM32L4xx_HAL_Driver/Src/stm32l4xx_hal_flash_ramfunc.o
LOAD ./Drivers/STM32L4xx_HAL_Driver/Src/stm32l4xx_hal_gpio.o
LOAD ./Drivers/STM32L4xx_HAL_Driver/Src/stm32l4xx_hal_i2c.o
LOAD ./Drivers/STM32L4xx_HAL_Driver/Src/stm32l4xx_hal_i2c_ex.o
LOAD ./Drivers/STM32L4xx_HAL_Driver/Src/stm32l4xx_hal_pwr.o
LOAD ./Drivers/STM32L4xx_HAL_Driver/Src/stm32l4xx_hal_pwr_ex.o
LOAD ./Drivers/STM32L4xx_HAL_Driver/Src/stm32l4xx_hal_rcc.o
LOAD ./Drivers/STM32L4xx_HAL_Driver/Src/stm32l4xx_hal_rcc_ex.o
LOAD ./Drivers/STM32L4xx_HAL_Driver/Src/stm32l4xx_hal_tim.o
LOAD ./Drivers/STM32L4xx_HAL_Driver/Src/stm32l4xx_hal_tim_ex.o
LOAD ./ThirdParty/FreeRTOS/croutine.o
LOAD ./ThirdParty/FreeRTOS/event_groups.o
LOAD ./ThirdParty/FreeRTOS/list.o
LOAD ./ThirdParty/FreeRTOS/queue.o
LOAD ./ThirdParty/FreeRTOS/stream_buffer.o
LOAD ./ThirdParty/FreeRTOS/tasks.o
LOAD ./ThirdParty/FreeRTOS/timers.o
LOAD ./ThirdParty/FreeRTOS/portable/GCC/ARM_CM4F/port.o
LOAD ./ThirdParty/FreeRTOS/portable/MemMang/heap_4.o
START GROUP
LOAD c:/st/stm32cubeide_1.5.1/stm32cubeide/plugins/com.st.stm32cube.ide.mcu.externaltools.gnu-tools-for-stm32.9-2020-q2-update.win32_2.0.0.202105311346/tools/bin/../lib/gcc/arm-none-eabi/9.3.1/../../../../arm-none-eabi/lib/thumb/v7e-m+fp/hard\libc_nano.a
LOAD c:/st/stm32cubeide_1.5.1/stm32cubeide/plugins/com.st.stm32cube.ide.mcu.externaltools.gnu-tools-for-stm32.9-2020-q2-update.win32_2.0.0.202105311346/tools/bin/../lib/gcc/arm-none-eabi/9.3.1/../../../../arm-none-eabi/lib/thumb/v7e-m+fp/hard\libm.a
END GROUP
START GROUP
LOAD c:/st/stm32cubeide_1.5.1/stm32cubeide/plugins/com.st.stm32cube.ide.mcu.externaltools.gnu-tools-for-stm32.9-2020-q2-update.win32_2.0.0.202105311346/tools/bin/../lib/gcc/arm-none-eabi/9.3.1/thumb/v7e-m+fp/hard\libgcc.a
LOAD c:/st/stm32cubeide_1.5.1/stm32cubeide/plugins/com.st.stm32cube.ide.mcu.externaltools.gnu-tools-for-stm32.9-2020-q2-update.win32_2.0.0.202105311346/tools/bin/../lib/gcc/arm-none-eabi/9.3.1/../../../../arm-none-eabi/lib/thumb/v7e-m+fp/hard\libc_nano.a
END GROUP
START GROUP
LOAD c:/st/stm32cubeide_1.5.1/stm32cubeide/plugins/com.st.stm32cube.ide.mcu.externaltools.gnu-tools-for-stm32.9-2020-q2-update.win32_2.0.0.202105311346/tools/bin/../lib/gcc/arm-none-eabi/9.3.1/thumb/v7e-m+fp/hard\libgcc.a
LOAD c:/st/stm32cubeide_1.5.1/stm32cubeide/plugins/com.st.stm32cube.ide.mcu.externaltools.gnu-tools-for-stm32.9-2020-q2-update.win32_2.0.0.202105311346/tools/bin/../lib/gcc/arm-none-eabi/9.3.1/../../../../arm-none-eabi/lib/thumb/v7e-m+fp/hard\libc_nano.a
LOAD c:/st/stm32cubeide_1.5.1/stm32cubeide/plugins/com.st.stm32cube.ide.mcu.externaltools.gnu-tools-for-stm32.9-2020-q2-update.win32_2.0.0.202105311346/tools/bin/../lib/gcc/arm-none-eabi/9.3.1/../../../../arm-none-eabi/lib/thumb/v7e-m+fp/hard\libnosys.a
END GROUP
START GROUP
LOAD c:/st/stm32cubeide_1.5.1/stm32cubeide/plugins/com.st.stm32cube.ide.mcu.externaltools.gnu-tools-for-stm32.9-2020-q2-update.win32_2.0.0.202105311346/tools/bin/../lib/gcc/arm-none-eabi/9.3.1/thumb/v7e-m+fp/hard\libgcc.a
LOAD c:/st/stm32cubeide_1.5.1/stm32cubeide/plugins/com.st.stm32cube.ide.mcu.externaltools.gnu-tools-for-stm32.9-2020-q2-update.win32_2.0.0.202105311346/tools/bin/../lib/gcc/arm-none-eabi/9.3.1/../../../../arm-none-eabi/lib/thumb/v7e-m+fp/hard\libc_nano.a
LOAD c:/st/stm32cubeide_1.5.1/stm32cubeide/plugins/com.st.stm32cube.ide.mcu.externaltools.gnu-tools-for-stm32.9-2020-q2-update.win32_2.0.0.202105311346/tools/bin/../lib/gcc/arm-none-eabi/9.3.1/../../../../arm-none-eabi/lib/thumb/v7e-m+fp/hard\libnosys.a
END GROUP
LOAD c:/st/stm32cubeide_1.5.1/stm32cubeide/plugins/com.st.stm32cube.ide.mcu.externaltools.gnu-tools-for-stm32.9-2020-q2-update.win32_2.0.0.202105311346/tools/bin/../lib/gcc/arm-none-eabi/9.3.1/thumb/v7e-m+fp/hard/crtend.o
LOAD c:/st/stm32cubeide_1.5.1/stm32cubeide/plugins/com.st.stm32cube.ide.mcu.externaltools.gnu-tools-for-stm32.9-2020-q2-update.win32_2.0.0.202105311346/tools/bin/../lib/gcc/arm-none-eabi/9.3.1/thumb/v7e-m+fp/hard/crtn.o
                0x0000000020018000                _estack = (ORIGIN (RAM) + LENGTH (RAM))
                0x0000000000000200                _Min_Heap_Size = 0x200
                0x0000000000000400                _Min_Stack_Size = 0x400

.isr_vector     0x0000000008000000      0x188
                0x0000000008000000                . = ALIGN (0x4)
 *(.isr_vector)
 .isr_vector    0x0000000008000000      0x188 ./Core/Startup/startup_stm32l476rgtx.o
                0x0000000008000000                g_pfnVectors
                0x0000000008000188                . = ALIGN (0x4)

.text           0x0000000008000190     0x19dc
                0x0000000008000190                . = ALIGN (0x4)
 *(.text)
 .text          0x0000000008000190       0x40 c:/st/stm32cubeide_1.5.1/stm32cubeide/plugins/com.st.stm32cube.ide.mcu.externaltools.gnu-tools-for-stm32.9-2020-q2-update.win32_2.0.0.202105311346/tools/bin/../lib/gcc/arm-none-eabi/9.3.1/thumb/v7e-m+fp/hard/crtbegin.o
 *(.text*)
 .text.main     0x00000000080001d0       0x12 ./Core/Src/main.o
                0x00000000080001d0                main
 .text.SystemClock_Config
                0x00000000080001e2       0xa2 ./Core/Src/main.o
                0x00000000080001e2                SystemClock_Config
 .text.MX_GPIO_Init
                0x0000000008000284       0xf0 ./Core/Src/main.o
 .text.Error_Handler
                0x0000000008000374        0xa ./Core/Src/main.o
                0x0000000008000374                Error_Handler
 *fill*         0x000000000800037e        0x2 
 .text.HAL_MspInit
                0x0000000008000380       0x48 ./Core/Src/stm32l4xx_hal_msp.o
                0x0000000008000380                HAL_MspInit
 .text.NMI_Handler
                0x00000000080003c8        0x6 ./Core/Src/stm32l4xx_it.o
                0x00000000080003c8                NMI_Handler
 .text.HardFault_Handler
                0x00000000080003ce        0x6 ./Core/Src/stm32l4xx_it.o
                0x00000000080003ce                HardFault_Handler
 .text.MemManage_Handler
                0x00000000080003d4        0x6 ./Core/Src/stm32l4xx_it.o
                0x00000000080003d4                MemManage_Handler
 .text.BusFault_Handler
                0x00000000080003da        0x6 ./Core/Src/stm32l4xx_it.o
                0x00000000080003da                BusFault_Handler
 .text.UsageFault_Handler
                0x00000000080003e0        0x6 ./Core/Src/stm32l4xx_it.o
                0x00000000080003e0                UsageFault_Handler
 .text.DebugMon_Handler
                0x00000000080003e6        0xe ./Core/Src/stm32l4xx_it.o
                0x00000000080003e6                DebugMon_Handler
 .text.SystemInit
                0x00000000080003f4       0x64 ./Core/Src/system_stm32l4xx.o
                0x00000000080003f4                SystemInit
 .text.Reset_Handler
                0x0000000008000458       0x50 ./Core/Startup/startup_stm32l476rgtx.o
                0x0000000008000458                Reset_Handler
 .text.Default_Handler
                0x00000000080004a8        0x2 ./Core/Startup/startup_stm32l476rgtx.o
                0x00000000080004a8                RTC_Alarm_IRQHandler
                0x00000000080004a8                EXTI2_IRQHandler
                0x00000000080004a8                TIM8_TRG_COM_IRQHandler
                0x00000000080004a8                TIM8_CC_IRQHandler
                0x00000000080004a8                TIM1_CC_IRQHandler
                0x00000000080004a8                TSC_IRQHandler
                0x00000000080004a8                TAMP_STAMP_IRQHandler
                0x00000000080004a8                EXTI3_IRQHandler
                0x00000000080004a8                LPTIM2_IRQHandler
                0x00000000080004a8                DFSDM1_FLT1_IRQHandler
                0x00000000080004a8                I2C3_ER_IRQHandler
                0x00000000080004a8                DFSDM1_FLT2_IRQHandler
                0x00000000080004a8                EXTI0_IRQHandler
                0x00000000080004a8                I2C2_EV_IRQHandler
                0x00000000080004a8                CAN1_RX0_IRQHandler
                0x00000000080004a8                FPU_IRQHandler
                0x00000000080004a8                TIM1_UP_TIM16_IRQHandler
                0x00000000080004a8                ADC1_2_IRQHandler
                0x00000000080004a8                SPI1_IRQHandler
                0x00000000080004a8                TIM6_DAC_IRQHandler
                0x00000000080004a8                TIM8_UP_IRQHandler
                0x00000000080004a8                DMA2_Channel2_IRQHandler
                0x00000000080004a8                DMA1_Channel4_IRQHandler
                0x00000000080004a8                SAI2_IRQHandler
                0x00000000080004a8                DFSDM1_FLT3_IRQHandler
                0x00000000080004a8                USART3_IRQHandler
                0x00000000080004a8                DMA1_Channel7_IRQHandler
                0x00000000080004a8                CAN1_RX1_IRQHandler
                0x00000000080004a8                LCD_IRQHandler
                0x00000000080004a8                UART5_IRQHandler
                0x00000000080004a8                ADC3_IRQHandler
                0x00000000080004a8                TIM4_IRQHandler
                0x00000000080004a8                DMA2_Channel1_IRQHandler
                0x00000000080004a8                QUADSPI_IRQHandler
                0x00000000080004a8                I2C1_EV_IRQHandler
                0x00000000080004a8                DMA1_Channel6_IRQHandler
                0x00000000080004a8                UART4_IRQHandler
                0x00000000080004a8                DMA2_Channel4_IRQHandler
                0x00000000080004a8                TIM3_IRQHandler
                0x00000000080004a8                RCC_IRQHandler
                0x00000000080004a8                DMA1_Channel1_IRQHandler
                0x00000000080004a8                Default_Handler
                0x00000000080004a8                DMA2_Channel7_IRQHandler
                0x00000000080004a8                EXTI15_10_IRQHandler
                0x00000000080004a8                TIM7_IRQHandler
                0x00000000080004a8                SDMMC1_IRQHandler
                0x00000000080004a8                TIM5_IRQHandler
                0x00000000080004a8                I2C3_EV_IRQHandler
                0x00000000080004a8                EXTI9_5_IRQHandler
                0x00000000080004a8                RTC_WKUP_IRQHandler
                0x00000000080004a8                PVD_PVM_IRQHandler
                0x00000000080004a8                SPI2_IRQHandler
                0x00000000080004a8                CAN1_TX_IRQHandler
                0x00000000080004a8                DMA2_Channel5_IRQHandler
                0x00000000080004a8                DMA1_Channel5_IRQHandler
                0x00000000080004a8                EXTI4_IRQHandler
                0x00000000080004a8                RNG_IRQHandler
                0x00000000080004a8                TIM1_TRG_COM_TIM17_IRQHandler
                0x00000000080004a8                DMA1_Channel3_IRQHandler
                0x00000000080004a8                COMP_IRQHandler
                0x00000000080004a8                WWDG_IRQHandler
                0x00000000080004a8                LPUART1_IRQHandler
                0x00000000080004a8                DMA2_Channel6_IRQHandler
                0x00000000080004a8                TIM2_IRQHandler
                0x00000000080004a8                EXTI1_IRQHandler
                0x00000000080004a8                USART2_IRQHandler
                0x00000000080004a8                DFSDM1_FLT0_IRQHandler
                0x00000000080004a8                I2C2_ER_IRQHandler
                0x00000000080004a8                DMA1_Channel2_IRQHandler
                0x00000000080004a8                TIM8_BRK_IRQHandler
                0x00000000080004a8                CAN1_SCE_IRQHandler
                0x00000000080004a8                FLASH_IRQHandler
                0x00000000080004a8                USART1_IRQHandler
                0x00000000080004a8                OTG_FS_IRQHandler
                0x00000000080004a8                SPI3_IRQHandler
                0x00000000080004a8                I2C1_ER_IRQHandler
                0x00000000080004a8                FMC_IRQHandler
                0x00000000080004a8                SWPMI1_IRQHandler
                0x00000000080004a8                LPTIM1_IRQHandler
                0x00000000080004a8                SAI1_IRQHandler
                0x00000000080004a8                DMA2_Channel3_IRQHandler
                0x00000000080004a8                TIM1_BRK_TIM15_IRQHandler
 *fill*         0x00000000080004aa        0x2 
 .text.HAL_Init
                0x00000000080004ac       0x40 ./Drivers/STM32L4xx_HAL_Driver/Src/stm32l4xx_hal.o
                0x00000000080004ac                HAL_Init
 .text.HAL_InitTick
                0x00000000080004ec       0x78 ./Drivers/STM32L4xx_HAL_Driver/Src/stm32l4xx_hal.o
                0x00000000080004ec                HAL_InitTick
 .text.HAL_GetTick
                0x0000000008000564       0x18 ./Drivers/STM32L4xx_HAL_Driver/Src/stm32l4xx_hal.o
                0x0000000008000564                HAL_GetTick
 .text.__NVIC_SetPriorityGrouping
                0x000000000800057c       0x48 ./Drivers/STM32L4xx_HAL_Driver/Src/stm32l4xx_hal_cortex.o
 .text.__NVIC_GetPriorityGrouping
                0x00000000080005c4       0x1c ./Drivers/STM32L4xx_HAL_Driver/Src/stm32l4xx_hal_cortex.o
 .text.__NVIC_SetPriority
                0x00000000080005e0       0x54 ./Drivers/STM32L4xx_HAL_Driver/Src/stm32l4xx_hal_cortex.o
 .text.NVIC_EncodePriority
                0x0000000008000634       0x66 ./Drivers/STM32L4xx_HAL_Driver/Src/stm32l4xx_hal_cortex.o
 *fill*         0x000000000800069a        0x2 
 .text.SysTick_Config
                0x000000000800069c       0x44 ./Drivers/STM32L4xx_HAL_Driver/Src/stm32l4xx_hal_cortex.o
 .text.HAL_NVIC_SetPriorityGrouping
                0x00000000080006e0       0x16 ./Drivers/STM32L4xx_HAL_Driver/Src/stm32l4xx_hal_cortex.o
                0x00000000080006e0                HAL_NVIC_SetPriorityGrouping
 .text.HAL_NVIC_SetPriority
                0x00000000080006f6       0x38 ./Drivers/STM32L4xx_HAL_Driver/Src/stm32l4xx_hal_cortex.o
                0x00000000080006f6                HAL_NVIC_SetPriority
 .text.HAL_SYSTICK_Config
                0x000000000800072e       0x18 ./Drivers/STM32L4xx_HAL_Driver/Src/stm32l4xx_hal_cortex.o
                0x000000000800072e                HAL_SYSTICK_Config
 *fill*         0x0000000008000746        0x2 
 .text.HAL_GPIO_Init
                0x0000000008000748      0x354 ./Drivers/STM32L4xx_HAL_Driver/Src/stm32l4xx_hal_gpio.o
                0x0000000008000748                HAL_GPIO_Init
 .text.HAL_GPIO_WritePin
                0x0000000008000a9c       0x30 ./Drivers/STM32L4xx_HAL_Driver/Src/stm32l4xx_hal_gpio.o
                0x0000000008000a9c                HAL_GPIO_WritePin
 .text.HAL_PWREx_GetVoltageRange
                0x0000000008000acc       0x1c ./Drivers/STM32L4xx_HAL_Driver/Src/stm32l4xx_hal_pwr_ex.o
                0x0000000008000acc                HAL_PWREx_GetVoltageRange
 .text.HAL_PWREx_ControlVoltageScaling
                0x0000000008000ae8       0xac ./Drivers/STM32L4xx_HAL_Driver/Src/stm32l4xx_hal_pwr_ex.o
                0x0000000008000ae8                HAL_PWREx_ControlVoltageScaling
 .text.HAL_RCC_OscConfig
                0x0000000008000b94      0x7cc ./Drivers/STM32L4xx_HAL_Driver/Src/stm32l4xx_hal_rcc.o
                0x0000000008000b94                HAL_RCC_OscConfig
 .text.HAL_RCC_ClockConfig
                0x0000000008001360      0x1c4 ./Drivers/STM32L4xx_HAL_Driver/Src/stm32l4xx_hal_rcc.o
                0x0000000008001360                HAL_RCC_ClockConfig
 .text.HAL_RCC_GetSysClockFreq
                0x0000000008001524      0x118 ./Drivers/STM32L4xx_HAL_Driver/Src/stm32l4xx_hal_rcc.o
                0x0000000008001524                HAL_RCC_GetSysClockFreq
 .text.RCC_SetFlashLatencyFromMSIRange
                0x000000000800163c       0xc0 ./Drivers/STM32L4xx_HAL_Driver/Src/stm32l4xx_hal_rcc.o
 .text.xTaskIncrementTick
                0x00000000080016fc      0x22c ./ThirdParty/FreeRTOS/tasks.o
                0x00000000080016fc                xTaskIncrementTick
 .text.vTaskSwitchContext
                0x0000000008001928       0xb8 ./ThirdParty/FreeRTOS/tasks.o
                0x0000000008001928                vTaskSwitchContext
 .text.prvResetNextTaskUnblockTime
                0x00000000080019e0       0x38 ./ThirdParty/FreeRTOS/tasks.o
 *fill*         0x0000000008001a18        0x8 
 .text.SVC_Handler
                0x0000000008001a20       0x28 ./ThirdParty/FreeRTOS/portable/GCC/ARM_CM4F/port.o
                0x0000000008001a20                SVC_Handler
 *fill*         0x0000000008001a48        0x8 
 .text.PendSV_Handler
                0x0000000008001a50       0x68 ./ThirdParty/FreeRTOS/portable/GCC/ARM_CM4F/port.o
                0x0000000008001a50                PendSV_Handler
 .text.SysTick_Handler
                0x0000000008001ab8       0x44 ./ThirdParty/FreeRTOS/portable/GCC/ARM_CM4F/port.o
                0x0000000008001ab8                SysTick_Handler
 .text.__libc_init_array
                0x0000000008001afc       0x48 c:/st/stm32cubeide_1.5.1/stm32cubeide/plugins/com.st.stm32cube.ide.mcu.externaltools.gnu-tools-for-stm32.9-2020-q2-update.win32_2.0.0.202105311346/tools/bin/../lib/gcc/arm-none-eabi/9.3.1/../../../../arm-none-eabi/lib/thumb/v7e-m+fp/hard\libc_nano.a(lib_a-init.o)
                0x0000000008001afc                __libc_init_array
 .text.memset   0x0000000008001b44       0x10 c:/st/stm32cubeide_1.5.1/stm32cubeide/plugins/com.st.stm32cube.ide.mcu.externaltools.gnu-tools-for-stm32.9-2020-q2-update.win32_2.0.0.202105311346/tools/bin/../lib/gcc/arm-none-eabi/9.3.1/../../../../arm-none-eabi/lib/thumb/v7e-m+fp/hard\libc_nano.a(lib_a-memset.o)
                0x0000000008001b44                memset
 *(.glue_7)
 .glue_7        0x0000000008001b54        0x0 linker stubs
 *(.glue_7t)
 .glue_7t       0x0000000008001b54        0x0 linker stubs
 *(.eh_frame)
 .eh_frame      0x0000000008001b54        0x0 c:/st/stm32cubeide_1.5.1/stm32cubeide/plugins/com.st.stm32cube.ide.mcu.externaltools.gnu-tools-for-stm32.9-2020-q2-update.win32_2.0.0.202105311346/tools/bin/../lib/gcc/arm-none-eabi/9.3.1/thumb/v7e-m+fp/hard/crtbegin.o
 *(.init)
 .init          0x0000000008001b54        0x4 c:/st/stm32cubeide_1.5.1/stm32cubeide/plugins/com.st.stm32cube.ide.mcu.externaltools.gnu-tools-for-stm32.9-2020-q2-update.win32_2.0.0.202105311346/tools/bin/../lib/gcc/arm-none-eabi/9.3.1/thumb/v7e-m+fp/hard/crti.o
                0x0000000008001b54                _init
 .init          0x0000000008001b58        0x8 c:/st/stm32cubeide_1.5.1/stm32cubeide/plugins/com.st.stm32cube.ide.mcu.externaltools.gnu-tools-for-stm32.9-2020-q2-update.win32_2.0.0.202105311346/tools/bin/../lib/gcc/arm-none-eabi/9.3.1/thumb/v7e-m+fp/hard/crtn.o
 *(.fini)
 .fini          0x0000000008001b60        0x4 c:/st/stm32cubeide_1.5.1/stm32cubeide/plugins/com.st.stm32cube.ide.mcu.externaltools.gnu-tools-for-stm32.9-2020-q2-update.win32_2.0.0.202105311346/tools/bin/../lib/gcc/arm-none-eabi/9.3.1/thumb/v7e-m+fp/hard/crti.o
                0x0000000008001b60                _fini
 .fini          0x0000000008001b64        0x8 c:/st/stm32cubeide_1.5.1/stm32cubeide/plugins/com.st.stm32cube.ide.mcu.externaltools.gnu-tools-for-stm32.9-2020-q2-update.win32_2.0.0.202105311346/tools/bin/../lib/gcc/arm-none-eabi/9.3.1/thumb/v7e-m+fp/hard/crtn.o
                0x0000000008001b6c                . = ALIGN (0x4)
                0x0000000008001b6c                _etext = .

.vfp11_veneer   0x0000000008001b6c        0x0
 .vfp11_veneer  0x0000000008001b6c        0x0 linker stubs

.v4_bx          0x0000000008001b6c        0x0
 .v4_bx         0x0000000008001b6c        0x0 linker stubs

.iplt           0x0000000008001b6c        0x0
 .iplt          0x0000000008001b6c        0x0 c:/st/stm32cubeide_1.5.1/stm32cubeide/plugins/com.st.stm32cube.ide.mcu.externaltools.gnu-tools-for-stm32.9-2020-q2-update.win32_2.0.0.202105311346/tools/bin/../lib/gcc/arm-none-eabi/9.3.1/thumb/v7e-m+fp/hard/crtbegin.o

.rodata         0x0000000008001b6c       0x40
                0x0000000008001b6c                . = ALIGN (0x4)
 *(.rodata)
 *(.rodata*)
 .rodata.AHBPrescTable
                0x0000000008001b6c       0x10 ./Core/Src/system_stm32l4xx.o
                0x0000000008001b6c                AHBPrescTable
 .rodata.MSIRangeTable
                0x0000000008001b7c       0x30 ./Core/Src/system_stm32l4xx.o
                0x0000000008001b7c                MSIRangeTable
                0x0000000008001bac                . = ALIGN (0x4)

.rel.dyn        0x0000000008001bac        0x0
 .rel.iplt      0x0000000008001bac        0x0 c:/st/stm32cubeide_1.5.1/stm32cubeide/plugins/com.st.stm32cube.ide.mcu.externaltools.gnu-tools-for-stm32.9-2020-q2-update.win32_2.0.0.202105311346/tools/bin/../lib/gcc/arm-none-eabi/9.3.1/thumb/v7e-m+fp/hard/crtbegin.o

.ARM.extab      0x0000000008001bac        0x0
                0x0000000008001bac                . = ALIGN (0x4)
 *(.ARM.extab* .gnu.linkonce.armextab.*)
                0x0000000008001bac                . = ALIGN (0x4)

.ARM            0x0000000008001bac        0x0
                0x0000000008001bac                . = ALIGN (0x4)
                0x0000000008001bac                __exidx_start = .
 *(.ARM.exidx*)
                0x0000000008001bac                __exidx_end = .
                0x0000000008001bac                . = ALIGN (0x4)

.preinit_array  0x0000000008001bac        0x0
                0x0000000008001bac                . = ALIGN (0x4)
                0x0000000008001bac                PROVIDE (__preinit_array_start = .)
 *(.preinit_array*)
                0x0000000008001bac                PROVIDE (__preinit_array_end = .)
                0x0000000008001bac                . = ALIGN (0x4)

.init_array     0x0000000008001bac        0x4
                0x0000000008001bac                . = ALIGN (0x4)
                0x0000000008001bac                PROVIDE (__init_array_start = .)
 *(SORT_BY_NAME(.init_array.*))
 *(.init_array*)
 .init_array    0x0000000008001bac        0x4 c:/st/stm32cubeide_1.5.1/stm32cubeide/plugins/com.st.stm32cube.ide.mcu.externaltools.gnu-tools-for-stm32.9-2020-q2-update.win32_2.0.0.202105311346/tools/bin/../lib/gcc/arm-none-eabi/9.3.1/thumb/v7e-m+fp/hard/crtbegin.o
                0x0000000008001bb0                PROVIDE (__init_array_end = .)
                0x0000000008001bb0                . = ALIGN (0x4)

.fini_array     0x0000000008001bb0        0x4
                0x0000000008001bb0                . = ALIGN (0x4)
                [!provide]                        PROVIDE (__fini_array_start = .)
 *(SORT_BY_NAME(.fini_array.*))
 *(.fini_array*)
 .fini_array    0x0000000008001bb0        0x4 c:/st/stm32cubeide_1.5.1/stm32cubeide/plugins/com.st.stm32cube.ide.mcu.externaltools.gnu-tools-for-stm32.9-2020-q2-update.win32_2.0.0.202105311346/tools/bin/../lib/gcc/arm-none-eabi/9.3.1/thumb/v7e-m+fp/hard/crtbegin.o
                [!provide]                        PROVIDE (__fini_array_end = .)
                0x0000000008001bb4                . = ALIGN (0x4)
                0x0000000008001bb4                _sidata = LOADADDR (.data)

.data           0x0000000020000000        0xc load address 0x0000000008001bb4
                0x0000000020000000                . = ALIGN (0x4)
                0x0000000020000000                _sdata = .
 *(.data)
 *(.data*)
 .data.SystemCoreClock
                0x0000000020000000        0x4 ./Core/Src/system_stm32l4xx.o
                0x0000000020000000                SystemCoreClock
 .data.uwTickPrio
                0x0000000020000004        0x4 ./Drivers/STM32L4xx_HAL_Driver/Src/stm32l4xx_hal.o
                0x0000000020000004                uwTickPrio
 .data.uwTickFreq
                0x0000000020000008        0x1 ./Drivers/STM32L4xx_HAL_Driver/Src/stm32l4xx_hal.o
                0x0000000020000008                uwTickFreq
 *(.RamFunc)
 *(.RamFunc*)
                0x000000002000000c                . = ALIGN (0x4)
 *fill*         0x0000000020000009        0x3 
                0x000000002000000c                _edata = .

.igot.plt       0x000000002000000c        0x0 load address 0x0000000008001bc0
 .igot.plt      0x000000002000000c        0x0 c:/st/stm32cubeide_1.5.1/stm32cubeide/plugins/com.st.stm32cube.ide.mcu.externaltools.gnu-tools-for-stm32.9-2020-q2-update.win32_2.0.0.202105311346/tools/bin/../lib/gcc/arm-none-eabi/9.3.1/thumb/v7e-m+fp/hard/crtbegin.o
                0x000000002000000c                . = ALIGN (0x4)

.bss            0x000000002000000c       0xac load address 0x0000000008001bc0
                0x000000002000000c                _sbss = .
                0x000000002000000c                __bss_start__ = _sbss
 *(.bss)
 .bss           0x000000002000000c       0x1c c:/st/stm32cubeide_1.5.1/stm32cubeide/plugins/com.st.stm32cube.ide.mcu.externaltools.gnu-tools-for-stm32.9-2020-q2-update.win32_2.0.0.202105311346/tools/bin/../lib/gcc/arm-none-eabi/9.3.1/thumb/v7e-m+fp/hard/crtbegin.o
 *(.bss*)
 .bss.pxCurrentTCB
                0x0000000020000028        0x4 ./ThirdParty/FreeRTOS/tasks.o
                0x0000000020000028                pxCurrentTCB
 .bss.pxReadyTasksLists
                0x000000002000002c       0x64 ./ThirdParty/FreeRTOS/tasks.o
 .bss.pxDelayedTaskList
                0x0000000020000090        0x4 ./ThirdParty/FreeRTOS/tasks.o
 .bss.pxOverflowDelayedTaskList
                0x0000000020000094        0x4 ./ThirdParty/FreeRTOS/tasks.o
 .bss.xTickCount
                0x0000000020000098        0x4 ./ThirdParty/FreeRTOS/tasks.o
 .bss.uxTopReadyPriority
                0x000000002000009c        0x4 ./ThirdParty/FreeRTOS/tasks.o
 .bss.xPendedTicks
                0x00000000200000a0        0x4 ./ThirdParty/FreeRTOS/tasks.o
 .bss.xYieldPending
                0x00000000200000a4        0x4 ./ThirdParty/FreeRTOS/tasks.o
 .bss.xNumOfOverflows
                0x00000000200000a8        0x4 ./ThirdParty/FreeRTOS/tasks.o
 .bss.xNextTaskUnblockTime
                0x00000000200000ac        0x4 ./ThirdParty/FreeRTOS/tasks.o
 .bss.uxSchedulerSuspended
                0x00000000200000b0        0x4 ./ThirdParty/FreeRTOS/tasks.o
 *(COMMON)
 COMMON         0x00000000200000b4        0x4 ./Drivers/STM32L4xx_HAL_Driver/Src/stm32l4xx_hal.o
                0x00000000200000b4                uwTick
                0x00000000200000b8                . = ALIGN (0x4)
                0x00000000200000b8                _ebss = .
                0x00000000200000b8                __bss_end__ = _ebss

._user_heap_stack
                0x00000000200000b8      0x600 load address 0x0000000008001bc0
                0x00000000200000b8                . = ALIGN (0x8)
                [!provide]                        PROVIDE (end = .)
                [!provide]                        PROVIDE (_end = .)
                0x00000000200002b8                . = (. + _Min_Heap_Size)
 *fill*         0x00000000200000b8      0x200 
                0x00000000200006b8                . = (. + _Min_Stack_Size)
 *fill*         0x00000000200002b8      0x400 
                0x00000000200006b8                . = ALIGN (0x8)

/DISCARD/
 libc.a(*)
 libm.a(*)
 libgcc.a(*)

.ARM.attributes
                0x0000000000000000       0x30
 *(.ARM.attributes)
 .ARM.attributes
                0x0000000000000000       0x1e c:/st/stm32cubeide_1.5.1/stm32cubeide/plugins/com.st.stm32cube.ide.mcu.externaltools.gnu-tools-for-stm32.9-2020-q2-update.win32_2.0.0.202105311346/tools/bin/../lib/gcc/arm-none-eabi/9.3.1/thumb/v7e-m+fp/hard/crti.o
 .ARM.attributes
                0x000000000000001e       0x34 c:/st/stm32cubeide_1.5.1/stm32cubeide/plugins/com.st.stm32cube.ide.mcu.externaltools.gnu-tools-for-stm32.9-2020-q2-update.win32_2.0.0.202105311346/tools/bin/../lib/gcc/arm-none-eabi/9.3.1/thumb/v7e-m+fp/hard/crtbegin.o
 .ARM.attributes
                0x0000000000000052       0x34 ./Core/Src/main.o
 .ARM.attributes
                0x0000000000000086       0x34 ./Core/Src/stm32l4xx_hal_msp.o
 .ARM.attributes
                0x00000000000000ba       0x34 ./Core/Src/stm32l4xx_it.o
 .ARM.attributes
                0x00000000000000ee       0x34 ./Core/Src/system_stm32l4xx.o
 .ARM.attributes
                0x0000000000000122       0x21 ./Core/Startup/startup_stm32l476rgtx.o
 .ARM.attributes
                0x0000000000000143       0x34 ./Drivers/STM32L4xx_HAL_Driver/Src/stm32l4xx_hal.o
 .ARM.attributes
                0x0000000000000177       0x34 ./Drivers/STM32L4xx_HAL_Driver/Src/stm32l4xx_hal_cortex.o
 .ARM.attributes
                0x00000000000001ab       0x34 ./Drivers/STM32L4xx_HAL_Driver/Src/stm32l4xx_hal_gpio.o
 .ARM.attributes
                0x00000000000001df       0x34 ./Drivers/STM32L4xx_HAL_Driver/Src/stm32l4xx_hal_pwr_ex.o
 .ARM.attributes
                0x0000000000000213       0x34 ./Drivers/STM32L4xx_HAL_Driver/Src/stm32l4xx_hal_rcc.o
 .ARM.attributes
                0x0000000000000247       0x34 ./ThirdParty/FreeRTOS/tasks.o
 .ARM.attributes
                0x000000000000027b       0x34 ./ThirdParty/FreeRTOS/portable/GCC/ARM_CM4F/port.o
 .ARM.attributes
                0x00000000000002af       0x34 c:/st/stm32cubeide_1.5.1/stm32cubeide/plugins/com.st.stm32cube.ide.mcu.externaltools.gnu-tools-for-stm32.9-2020-q2-update.win32_2.0.0.202105311346/tools/bin/../lib/gcc/arm-none-eabi/9.3.1/../../../../arm-none-eabi/lib/thumb/v7e-m+fp/hard\libc_nano.a(lib_a-init.o)
 .ARM.attributes
                0x00000000000002e3       0x34 c:/st/stm32cubeide_1.5.1/stm32cubeide/plugins/com.st.stm32cube.ide.mcu.externaltools.gnu-tools-for-stm32.9-2020-q2-update.win32_2.0.0.202105311346/tools/bin/../lib/gcc/arm-none-eabi/9.3.1/../../../../arm-none-eabi/lib/thumb/v7e-m+fp/hard\libc_nano.a(lib_a-memset.o)
 .ARM.attributes
                0x0000000000000317       0x1e c:/st/stm32cubeide_1.5.1/stm32cubeide/plugins/com.st.stm32cube.ide.mcu.externaltools.gnu-tools-for-stm32.9-2020-q2-update.win32_2.0.0.202105311346/tools/bin/../lib/gcc/arm-none-eabi/9.3.1/thumb/v7e-m+fp/hard/crtn.o
OUTPUT(L476-RTOS_Learn.elf elf32-littlearm)
LOAD linker stubs
LOAD c:/st/stm32cubeide_1.5.1/stm32cubeide/plugins/com.st.stm32cube.ide.mcu.externaltools.gnu-tools-for-stm32.9-2020-q2-update.win32_2.0.0.202105311346/tools/bin/../lib/gcc/arm-none-eabi/9.3.1/../../../../arm-none-eabi/lib/thumb/v7e-m+fp/hard\libc.a
LOAD c:/st/stm32cubeide_1.5.1/stm32cubeide/plugins/com.st.stm32cube.ide.mcu.externaltools.gnu-tools-for-stm32.9-2020-q2-update.win32_2.0.0.202105311346/tools/bin/../lib/gcc/arm-none-eabi/9.3.1/../../../../arm-none-eabi/lib/thumb/v7e-m+fp/hard\libm.a
LOAD c:/st/stm32cubeide_1.5.1/stm32cubeide/plugins/com.st.stm32cube.ide.mcu.externaltools.gnu-tools-for-stm32.9-2020-q2-update.win32_2.0.0.202105311346/tools/bin/../lib/gcc/arm-none-eabi/9.3.1/thumb/v7e-m+fp/hard\libgcc.a

.debug_info     0x0000000000000000     0x8d9f
 .debug_info    0x0000000000000000      0x8f4 ./Core/Src/main.o
 .debug_info    0x00000000000008f4      0x545 ./Core/Src/stm32l4xx_hal_msp.o
 .debug_info    0x0000000000000e39      0x33d ./Core/Src/stm32l4xx_it.o
 .debug_info    0x0000000000001176      0x779 ./Core/Src/system_stm32l4xx.o
 .debug_info    0x00000000000018ef       0x22 ./Core/Startup/startup_stm32l476rgtx.o
 .debug_info    0x0000000000001911      0xddb ./Drivers/STM32L4xx_HAL_Driver/Src/stm32l4xx_hal.o
 .debug_info    0x00000000000026ec     0x102e ./Drivers/STM32L4xx_HAL_Driver/Src/stm32l4xx_hal_cortex.o
 .debug_info    0x000000000000371a      0xa5f ./Drivers/STM32L4xx_HAL_Driver/Src/stm32l4xx_hal_gpio.o
 .debug_info    0x0000000000004179      0xbda ./Drivers/STM32L4xx_HAL_Driver/Src/stm32l4xx_hal_pwr_ex.o
 .debug_info    0x0000000000004d53      0xe0b ./Drivers/STM32L4xx_HAL_Driver/Src/stm32l4xx_hal_rcc.o
 .debug_info    0x0000000000005b5e     0x2d50 ./ThirdParty/FreeRTOS/tasks.o
 .debug_info    0x00000000000088ae      0x4f1 ./ThirdParty/FreeRTOS/portable/GCC/ARM_CM4F/port.o

.debug_abbrev   0x0000000000000000     0x16e1
 .debug_abbrev  0x0000000000000000      0x1c4 ./Core/Src/main.o
 .debug_abbrev  0x00000000000001c4      0x13d ./Core/Src/stm32l4xx_hal_msp.o
 .debug_abbrev  0x0000000000000301       0xd8 ./Core/Src/stm32l4xx_it.o
 .debug_abbrev  0x00000000000003d9      0x165 ./Core/Src/system_stm32l4xx.o
 .debug_abbrev  0x000000000000053e       0x12 ./Core/Startup/startup_stm32l476rgtx.o
 .debug_abbrev  0x0000000000000550      0x227 ./Drivers/STM32L4xx_HAL_Driver/Src/stm32l4xx_hal.o
 .debug_abbrev  0x0000000000000777      0x33c ./Drivers/STM32L4xx_HAL_Driver/Src/stm32l4xx_hal_cortex.o
 .debug_abbrev  0x0000000000000ab3      0x1e8 ./Drivers/STM32L4xx_HAL_Driver/Src/stm32l4xx_hal_gpio.o
 .debug_abbrev  0x0000000000000c9b      0x1f3 ./Drivers/STM32L4xx_HAL_Driver/Src/stm32l4xx_hal_pwr_ex.o
 .debug_abbrev  0x0000000000000e8e      0x275 ./Drivers/STM32L4xx_HAL_Driver/Src/stm32l4xx_hal_rcc.o
 .debug_abbrev  0x0000000000001103      0x3ad ./ThirdParty/FreeRTOS/tasks.o
 .debug_abbrev  0x00000000000014b0      0x231 ./ThirdParty/FreeRTOS/portable/GCC/ARM_CM4F/port.o

.debug_aranges  0x0000000000000000      0x7e0
 .debug_aranges
                0x0000000000000000       0x38 ./Core/Src/main.o
 .debug_aranges
                0x0000000000000038       0x20 ./Core/Src/stm32l4xx_hal_msp.o
 .debug_aranges
                0x0000000000000058       0x48 ./Core/Src/stm32l4xx_it.o
 .debug_aranges
                0x00000000000000a0       0x28 ./Core/Src/system_stm32l4xx.o
 .debug_aranges
                0x00000000000000c8       0x28 ./Core/Startup/startup_stm32l476rgtx.o
 .debug_aranges
                0x00000000000000f0      0x130 ./Drivers/STM32L4xx_HAL_Driver/Src/stm32l4xx_hal.o
 .debug_aranges
                0x0000000000000220      0x118 ./Drivers/STM32L4xx_HAL_Driver/Src/stm32l4xx_hal_cortex.o
 .debug_aranges
                0x0000000000000338       0x58 ./Drivers/STM32L4xx_HAL_Driver/Src/stm32l4xx_hal_gpio.o
 .debug_aranges
                0x0000000000000390      0x150 ./Drivers/STM32L4xx_HAL_Driver/Src/stm32l4xx_hal_pwr_ex.o
 .debug_aranges
                0x00000000000004e0       0x88 ./Drivers/STM32L4xx_HAL_Driver/Src/stm32l4xx_hal_rcc.o
 .debug_aranges
                0x0000000000000568      0x1f8 ./ThirdParty/FreeRTOS/tasks.o
 .debug_aranges
                0x0000000000000760       0x80 ./ThirdParty/FreeRTOS/portable/GCC/ARM_CM4F/port.o

.debug_ranges   0x0000000000000000      0x728
 .debug_ranges  0x0000000000000000       0x28 ./Core/Src/main.o
 .debug_ranges  0x0000000000000028       0x10 ./Core/Src/stm32l4xx_hal_msp.o
 .debug_ranges  0x0000000000000038       0x38 ./Core/Src/stm32l4xx_it.o
 .debug_ranges  0x0000000000000070       0x18 ./Core/Src/system_stm32l4xx.o
 .debug_ranges  0x0000000000000088       0x20 ./Core/Startup/startup_stm32l476rgtx.o
 .debug_ranges  0x00000000000000a8      0x120 ./Drivers/STM32L4xx_HAL_Driver/Src/stm32l4xx_hal.o
 .debug_ranges  0x00000000000001c8      0x108 ./Drivers/STM32L4xx_HAL_Driver/Src/stm32l4xx_hal_cortex.o
 .debug_ranges  0x00000000000002d0       0x48 ./Drivers/STM32L4xx_HAL_Driver/Src/stm32l4xx_hal_gpio.o
 .debug_ranges  0x0000000000000318      0x140 ./Drivers/STM32L4xx_HAL_Driver/Src/stm32l4xx_hal_pwr_ex.o
 .debug_ranges  0x0000000000000458       0x78 ./Drivers/STM32L4xx_HAL_Driver/Src/stm32l4xx_hal_rcc.o
 .debug_ranges  0x00000000000004d0      0x1e8 ./ThirdParty/FreeRTOS/tasks.o
 .debug_ranges  0x00000000000006b8       0x70 ./ThirdParty/FreeRTOS/portable/GCC/ARM_CM4F/port.o

.debug_macro    0x0000000000000000    0x24894
 .debug_macro   0x0000000000000000      0x1c0 ./Core/Src/main.o
 .debug_macro   0x00000000000001c0      0xaa8 ./Core/Src/main.o
 .debug_macro   0x0000000000000c68      0x1a1 ./Core/Src/main.o
 .debug_macro   0x0000000000000e09       0x2e ./Core/Src/main.o
 .debug_macro   0x0000000000000e37       0x28 ./Core/Src/main.o
 .debug_macro   0x0000000000000e5f       0x22 ./Core/Src/main.o
 .debug_macro   0x0000000000000e81       0x8e ./Core/Src/main.o
 .debug_macro   0x0000000000000f0f       0x51 ./Core/Src/main.o
 .debug_macro   0x0000000000000f60      0x103 ./Core/Src/main.o
 .debug_macro   0x0000000000001063       0x6a ./Core/Src/main.o
 .debug_macro   0x00000000000010cd      0x1df ./Core/Src/main.o
 .debug_macro   0x00000000000012ac       0x1c ./Core/Src/main.o
 .debug_macro   0x00000000000012c8       0x22 ./Core/Src/main.o
 .debug_macro   0x00000000000012ea      0x101 ./Core/Src/main.o
 .debug_macro   0x00000000000013eb     0x1011 ./Core/Src/main.o
 .debug_macro   0x00000000000023fc      0x11f ./Core/Src/main.o
 .debug_macro   0x000000000000251b    0x1a13d ./Core/Src/main.o
 .debug_macro   0x000000000001c658       0x43 ./Core/Src/main.o
 .debug_macro   0x000000000001c69b     0x3897 ./Core/Src/main.o
 .debug_macro   0x000000000001ff32      0x174 ./Core/Src/main.o
 .debug_macro   0x00000000000200a6       0x5c ./Core/Src/main.o
 .debug_macro   0x0000000000020102     0x155f ./Core/Src/main.o
 .debug_macro   0x0000000000021661      0x59e ./Core/Src/main.o
 .debug_macro   0x0000000000021bff      0x13d ./Core/Src/main.o
 .debug_macro   0x0000000000021d3c      0x18b ./Core/Src/main.o
 .debug_macro   0x0000000000021ec7      0x26b ./Core/Src/main.o
 .debug_macro   0x0000000000022132      0x23d ./Core/Src/main.o
 .debug_macro   0x000000000002236f      0x241 ./Core/Src/main.o
 .debug_macro   0x00000000000225b0      0x37c ./Core/Src/main.o
 .debug_macro   0x000000000002292c       0xd6 ./Core/Src/main.o
 .debug_macro   0x0000000000022a02      0x22c ./Core/Src/main.o
 .debug_macro   0x0000000000022c2e       0x61 ./Core/Src/main.o
 .debug_macro   0x0000000000022c8f       0xa5 ./Core/Src/main.o
 .debug_macro   0x0000000000022d34      0x122 ./Core/Src/main.o
 .debug_macro   0x0000000000022e56      0x3e9 ./Core/Src/main.o
 .debug_macro   0x000000000002323f      0x331 ./Core/Src/main.o
 .debug_macro   0x0000000000023570       0x58 ./Core/Src/main.o
 .debug_macro   0x00000000000235c8      0x1c0 ./Core/Src/stm32l4xx_hal_msp.o
 .debug_macro   0x0000000000023788      0x1ca ./Core/Src/stm32l4xx_it.o
 .debug_macro   0x0000000000023952      0x1b1 ./Core/Src/system_stm32l4xx.o
 .debug_macro   0x0000000000023b03      0x1ff ./Drivers/STM32L4xx_HAL_Driver/Src/stm32l4xx_hal.o
 .debug_macro   0x0000000000023d02      0x1b1 ./Drivers/STM32L4xx_HAL_Driver/Src/stm32l4xx_hal_cortex.o
 .debug_macro   0x0000000000023eb3      0x1f0 ./Drivers/STM32L4xx_HAL_Driver/Src/stm32l4xx_hal_gpio.o
 .debug_macro   0x00000000000240a3      0x1d5 ./Drivers/STM32L4xx_HAL_Driver/Src/stm32l4xx_hal_pwr_ex.o
 .debug_macro   0x0000000000024278      0x1f3 ./Drivers/STM32L4xx_HAL_Driver/Src/stm32l4xx_hal_rcc.o
 .debug_macro   0x000000000002446b      0x27e ./ThirdParty/FreeRTOS/tasks.o
 .debug_macro   0x00000000000246e9       0x10 ./ThirdParty/FreeRTOS/tasks.o
 .debug_macro   0x00000000000246f9      0x19b ./ThirdParty/FreeRTOS/portable/GCC/ARM_CM4F/port.o

.debug_line     0x0000000000000000     0x7fdb
 .debug_line    0x0000000000000000      0x751 ./Core/Src/main.o
 .debug_line    0x0000000000000751      0x695 ./Core/Src/stm32l4xx_hal_msp.o
 .debug_line    0x0000000000000de6      0x719 ./Core/Src/stm32l4xx_it.o
 .debug_line    0x00000000000014ff      0x745 ./Core/Src/system_stm32l4xx.o
 .debug_line    0x0000000000001c44       0x87 ./Core/Startup/startup_stm32l476rgtx.o
 .debug_line    0x0000000000001ccb      0xa85 ./Drivers/STM32L4xx_HAL_Driver/Src/stm32l4xx_hal.o
 .debug_line    0x0000000000002750      0xc2b ./Drivers/STM32L4xx_HAL_Driver/Src/stm32l4xx_hal_cortex.o
 .debug_line    0x000000000000337b      0xafe ./Drivers/STM32L4xx_HAL_Driver/Src/stm32l4xx_hal_gpio.o
 .debug_line    0x0000000000003e79      0xc40 ./Drivers/STM32L4xx_HAL_Driver/Src/stm32l4xx_hal_pwr_ex.o
 .debug_line    0x0000000000004ab9      0xec8 ./Drivers/STM32L4xx_HAL_Driver/Src/stm32l4xx_hal_rcc.o
 .debug_line    0x0000000000005981     0x1ddc ./ThirdParty/FreeRTOS/tasks.o
 .debug_line    0x000000000000775d      0x87e ./ThirdParty/FreeRTOS/portable/GCC/ARM_CM4F/port.o

.debug_str      0x0000000000000000    0xe9fa6
 .debug_str     0x0000000000000000    0xdde8d ./Core/Src/main.o
                                      0xde168 (size before relaxing)
 .debug_str     0x00000000000dde8d       0x2c ./Core/Src/stm32l4xx_hal_msp.o
                                      0xddf2f (size before relaxing)
 .debug_str     0x00000000000ddeb9       0x92 ./Core/Src/stm32l4xx_it.o
                                      0xdde45 (size before relaxing)
 .debug_str     0x00000000000ddf4b       0xb8 ./Core/Src/system_stm32l4xx.o
                                      0xdde84 (size before relaxing)
 .debug_str     0x00000000000de003       0x36 ./Core/Startup/startup_stm32l476rgtx.o
                                         0x7e (size before relaxing)
 .debug_str     0x00000000000de039      0xa66 ./Drivers/STM32L4xx_HAL_Driver/Src/stm32l4xx_hal.o
                                      0xde9ef (size before relaxing)
 .debug_str     0x00000000000dea9f      0x389 ./Drivers/STM32L4xx_HAL_Driver/Src/stm32l4xx_hal_cortex.o
                                      0xde6f3 (size before relaxing)
 .debug_str     0x00000000000dee28      0x23b ./Drivers/STM32L4xx_HAL_Driver/Src/stm32l4xx_hal_gpio.o
                                      0xde11e (size before relaxing)
 .debug_str     0x00000000000df063      0x4b4 ./Drivers/STM32L4xx_HAL_Driver/Src/stm32l4xx_hal_pwr_ex.o
                                      0xde3ba (size before relaxing)
 .debug_str     0x00000000000df517      0x34e ./Drivers/STM32L4xx_HAL_Driver/Src/stm32l4xx_hal_rcc.o
                                      0xde461 (size before relaxing)
 .debug_str     0x00000000000df865     0x9f5a ./ThirdParty/FreeRTOS/tasks.o
                                       0xe11d (size before relaxing)
 .debug_str     0x00000000000e97bf      0x7e7 ./ThirdParty/FreeRTOS/portable/GCC/ARM_CM4F/port.o
                                       0x97e7 (size before relaxing)

.comment        0x0000000000000000       0x53
 .comment       0x0000000000000000       0x53 ./Core/Src/main.o
                                         0x54 (size before relaxing)
 .comment       0x0000000000000053       0x54 ./Core/Src/stm32l4xx_hal_msp.o
 .comment       0x0000000000000053       0x54 ./Core/Src/stm32l4xx_it.o
 .comment       0x0000000000000053       0x54 ./Core/Src/system_stm32l4xx.o
 .comment       0x0000000000000053       0x54 ./Drivers/STM32L4xx_HAL_Driver/Src/stm32l4xx_hal.o
 .comment       0x0000000000000053       0x54 ./Drivers/STM32L4xx_HAL_Driver/Src/stm32l4xx_hal_cortex.o
 .comment       0x0000000000000053       0x54 ./Drivers/STM32L4xx_HAL_Driver/Src/stm32l4xx_hal_gpio.o
 .comment       0x0000000000000053       0x54 ./Drivers/STM32L4xx_HAL_Driver/Src/stm32l4xx_hal_pwr_ex.o
 .comment       0x0000000000000053       0x54 ./Drivers/STM32L4xx_HAL_Driver/Src/stm32l4xx_hal_rcc.o
 .comment       0x0000000000000053       0x54 ./ThirdParty/FreeRTOS/tasks.o
 .comment       0x0000000000000053       0x54 ./ThirdParty/FreeRTOS/portable/GCC/ARM_CM4F/port.o

.debug_frame    0x0000000000000000     0x1e10
 .debug_frame   0x0000000000000000       0x8c ./Core/Src/main.o
 .debug_frame   0x000000000000008c       0x38 ./Core/Src/stm32l4xx_hal_msp.o
 .debug_frame   0x00000000000000c4       0xa8 ./Core/Src/stm32l4xx_it.o
 .debug_frame   0x000000000000016c       0x58 ./Core/Src/system_stm32l4xx.o
 .debug_frame   0x00000000000001c4      0x498 ./Drivers/STM32L4xx_HAL_Driver/Src/stm32l4xx_hal.o
 .debug_frame   0x000000000000065c      0x498 ./Drivers/STM32L4xx_HAL_Driver/Src/stm32l4xx_hal_cortex.o
 .debug_frame   0x0000000000000af4      0x14c ./Drivers/STM32L4xx_HAL_Driver/Src/stm32l4xx_hal_gpio.o
 .debug_frame   0x0000000000000c40      0x544 ./Drivers/STM32L4xx_HAL_Driver/Src/stm32l4xx_hal_pwr_ex.o
 .debug_frame   0x0000000000001184      0x1f4 ./Drivers/STM32L4xx_HAL_Driver/Src/stm32l4xx_hal_rcc.o
 .debug_frame   0x0000000000001378      0x8a4 ./ThirdParty/FreeRTOS/tasks.o
 .debug_frame   0x0000000000001c1c      0x1a8 ./ThirdParty/FreeRTOS/portable/GCC/ARM_CM4F/port.o
 .debug_frame   0x0000000000001dc4       0x2c c:/st/stm32cubeide_1.5.1/stm32cubeide/plugins/com.st.stm32cube.ide.mcu.externaltools.gnu-tools-for-stm32.9-2020-q2-update.win32_2.0.0.202105311346/tools/bin/../lib/gcc/arm-none-eabi/9.3.1/../../../../arm-none-eabi/lib/thumb/v7e-m+fp/hard\libc_nano.a(lib_a-init.o)
 .debug_frame   0x0000000000001df0       0x20 c:/st/stm32cubeide_1.5.1/stm32cubeide/plugins/com.st.stm32cube.ide.mcu.externaltools.gnu-tools-for-stm32.9-2020-q2-update.win32_2.0.0.202105311346/tools/bin/../lib/gcc/arm-none-eabi/9.3.1/../../../../arm-none-eabi/lib/thumb/v7e-m+fp/hard\libc_nano.a(lib_a-memset.o)
